char_traits.h:329:7:static constexpr std::size_t std::char_traits<char>::length(const char_type*)	24	static
new:173:33:void* operator new(std::size_t, void*)	16	static
gthr-default.h:229:1:int __gthread_key_delete(__gthread_key_t)	16	static
shared_ptr_base.h:303:5:void std::_Sp_counted_base<_Lp>::_M_add_ref_copy() [with __gnu_cxx::_Lock_policy _Lp = __gnu_cxx::_S_single]	16	static
shared_ptr_base.h:308:5:void std::_Sp_counted_base<_Lp>::_M_release() [with __gnu_cxx::_Lock_policy _Lp = __gnu_cxx::_S_single]	16	static
shared_ptr_base.h:508:5:static const std::type_info& std::_Sp_make_shared_tag::_S_ti()	4	static
Renderable.h:4:7:constexpr Renderable::Renderable()	16	static
stl_vector.h:125:14:std::_Vector_base<std::shared_ptr<Button>, std::allocator<std::shared_ptr<Button> > >::_Vector_impl::~_Vector_impl()	16	static
stl_vector.h:285:7:std::_Vector_base<_Tp, _Alloc>::_Vector_base() [with _Tp = std::shared_ptr<Button>; _Alloc = std::allocator<std::shared_ptr<Button> >]	16	static
stl_vector.h:484:7:std::vector<_Tp, _Alloc>::vector() [with _Tp = std::shared_ptr<Button>; _Alloc = std::allocator<std::shared_ptr<Button> >]	16	static
stl_vector.h:125:14:std::_Vector_base<std::shared_ptr<TextBox>, std::allocator<std::shared_ptr<TextBox> > >::_Vector_impl::~_Vector_impl()	16	static
stl_vector.h:285:7:std::_Vector_base<_Tp, _Alloc>::_Vector_base() [with _Tp = std::shared_ptr<TextBox>; _Alloc = std::allocator<std::shared_ptr<TextBox> >]	16	static
stl_vector.h:484:7:std::vector<_Tp, _Alloc>::vector() [with _Tp = std::shared_ptr<TextBox>; _Alloc = std::allocator<std::shared_ptr<TextBox> >]	16	static
GUI.h:16:3:GUI::GUI()	16	static
Updatable.h:4:7:constexpr Updatable::Updatable()	16	static
shared_ptr_base.h:1167:7:std::__shared_ptr<_Tp, _Lp>::__shared_ptr(const std::__shared_ptr<_Tp, _Lp>&) [with _Tp = StateManager; __gnu_cxx::_Lock_policy _Lp = __gnu_cxx::_S_single]	16	static
shared_ptr_base.h:1169:7:std::__shared_ptr<_Tp, _Lp>::~__shared_ptr() [with _Tp = StateManager; __gnu_cxx::_Lock_policy _Lp = __gnu_cxx::_S_single]	16	static
shared_ptr.h:129:7:std::shared_ptr<_Tp>::shared_ptr(const std::shared_ptr<_Tp>&) [with _Tp = StateManager]	16	static
shared_ptr.h:103:11:std::shared_ptr<StateManager>::~shared_ptr()	16	static
GUI.h:17:3:GUI::~GUI()	16	static
GUIBuilder.h:16:3:GUIBuilder::~GUIBuilder()	16	static
State.h:15:3:State::State(std::shared_ptr<StateManager>)	16	static
State.h:17:11:State::~State()	16	static
State.h:17:11:virtual State::~State()	16	static
Renderable.h:4:7:constexpr Renderable& Renderable::operator=(const Renderable&)	16	static
GUI.h:13:7:GUI& GUI::operator=(const GUI&)	16	static
ChangeRoomNameMenuState.cpp:6:1:ChangeRoomNameMenuState::ChangeRoomNameMenuState(std::shared_ptr<StateManager>)	272	static
ChangeRoomNameMenuState.cpp:31:6:virtual void ChangeRoomNameMenuState::update(float)	16	static
ChangeRoomNameMenuState.cpp:35:6:virtual void ChangeRoomNameMenuState::render()	16	static
shared_ptr_base.h:1169:7:std::__shared_ptr<_Tp, _Lp>::~__shared_ptr() [with _Tp = RoomChooseMenuState; __gnu_cxx::_Lock_policy _Lp = __gnu_cxx::_S_single]	16	static
shared_ptr.h:103:11:std::shared_ptr<RoomChooseMenuState>::~shared_ptr()	16	static
shared_ptr_base.h:1169:7:std::__shared_ptr<_Tp, _Lp>::~__shared_ptr() [with _Tp = State; __gnu_cxx::_Lock_policy _Lp = __gnu_cxx::_S_single]	16	static
shared_ptr.h:103:11:std::shared_ptr<State>::~shared_ptr()	16	static
ChangeRoomNameMenuState.cpp:40:6:virtual void ChangeRoomNameMenuState::processInput(std::pair<unsigned int, unsigned int>)	56	static
char_traits.h:100:7:static constexpr bool __gnu_cxx::char_traits<_CharT>::eq(const char_type&, const char_type&) [with _CharT = char]	16	static
char_traits.h:161:5:static constexpr std::size_t __gnu_cxx::char_traits<_CharT>::length(const char_type*) [with _CharT = char]	24	static
shared_ptr_base.h:131:7:void std::_Sp_counted_base<_Lp>::_M_destroy() [with __gnu_cxx::_Lock_policy _Lp = __gnu_cxx::_S_single]	16	static
stl_vector.h:128:2:std::_Vector_base<_Tp, _Alloc>::_Vector_impl::_Vector_impl() [with _Tp = std::shared_ptr<Button>; _Alloc = std::allocator<std::shared_ptr<Button> >]	16	static
allocator.h:153:7:std::allocator< <template-parameter-1-1> >::~allocator() [with _Tp = std::shared_ptr<Button>]	16	static
stl_vector.h:330:7:std::_Vector_base<_Tp, _Alloc>::~_Vector_base() [with _Tp = std::shared_ptr<Button>; _Alloc = std::allocator<std::shared_ptr<Button> >]	16	static
stl_vector.h:675:7:std::vector<_Tp, _Alloc>::~vector() [with _Tp = std::shared_ptr<Button>; _Alloc = std::allocator<std::shared_ptr<Button> >]	24	static
stl_vector.h:128:2:std::_Vector_base<_Tp, _Alloc>::_Vector_impl::_Vector_impl() [with _Tp = std::shared_ptr<TextBox>; _Alloc = std::allocator<std::shared_ptr<TextBox> >]	16	static
allocator.h:153:7:std::allocator< <template-parameter-1-1> >::~allocator() [with _Tp = std::shared_ptr<TextBox>]	16	static
stl_vector.h:330:7:std::_Vector_base<_Tp, _Alloc>::~_Vector_base() [with _Tp = std::shared_ptr<TextBox>; _Alloc = std::allocator<std::shared_ptr<TextBox> >]	16	static
stl_vector.h:675:7:std::vector<_Tp, _Alloc>::~vector() [with _Tp = std::shared_ptr<TextBox>; _Alloc = std::allocator<std::shared_ptr<TextBox> >]	24	static
shared_ptr_base.h:733:7:std::__shared_count<_Lp>::__shared_count(const std::__shared_count<_Lp>&) [with __gnu_cxx::_Lock_policy _Lp = __gnu_cxx::_S_single]	16	static
shared_ptr_base.h:727:7:std::__shared_count<_Lp>::~__shared_count() [with __gnu_cxx::_Lock_policy _Lp = __gnu_cxx::_S_single]	16	static
basic_string.h:525:7:std::__cxx11::basic_string<_CharT, _Traits, _Alloc>::basic_string(const _CharT*, const _Alloc&) [with <template-parameter-2-1> = std::allocator<char>; _CharT = char; _Traits = std::char_traits<char>; _Alloc = std::allocator<char>]	32	static
alloc_traits.h:103:27:static constexpr bool __gnu_cxx::__alloc_traits<_Alloc, <template-parameter-1-2> >::_S_propagate_on_copy_assign() [with _Alloc = std::allocator<std::shared_ptr<Button> >; <template-parameter-1-2> = std::shared_ptr<Button>]	4	static
alloc_traits.h:112:27:static constexpr bool __gnu_cxx::__alloc_traits<_Alloc, <template-parameter-1-2> >::_S_always_equal() [with _Alloc = std::allocator<std::shared_ptr<Button> >; <template-parameter-1-2> = std::shared_ptr<Button>]	4	static
vector.tcc:198:5:std::vector<_Tp, _Alloc>& std::vector<_Tp, _Alloc>::operator=(const std::vector<_Tp, _Alloc>&) [with _Tp = std::shared_ptr<Button>; _Alloc = std::allocator<std::shared_ptr<Button> >]	40	static
alloc_traits.h:103:27:static constexpr bool __gnu_cxx::__alloc_traits<_Alloc, <template-parameter-1-2> >::_S_propagate_on_copy_assign() [with _Alloc = std::allocator<std::shared_ptr<TextBox> >; <template-parameter-1-2> = std::shared_ptr<TextBox>]	4	static
alloc_traits.h:112:27:static constexpr bool __gnu_cxx::__alloc_traits<_Alloc, <template-parameter-1-2> >::_S_always_equal() [with _Alloc = std::allocator<std::shared_ptr<TextBox> >; <template-parameter-1-2> = std::shared_ptr<TextBox>]	4	static
vector.tcc:198:5:std::vector<_Tp, _Alloc>& std::vector<_Tp, _Alloc>::operator=(const std::vector<_Tp, _Alloc>&) [with _Tp = std::shared_ptr<TextBox>; _Alloc = std::allocator<std::shared_ptr<TextBox> >]	40	static
shared_ptr_base.h:1012:7:std::__shared_ptr_access<_Tp, _Lp, <anonymous>, <anonymous> >::element_type* std::__shared_ptr_access<_Tp, _Lp, <anonymous>, <anonymous> >::operator->() const [with _Tp = StateManager; __gnu_cxx::_Lock_policy _Lp = __gnu_cxx::_S_single; bool <anonymous> = false; bool <anonymous> = false]	16	static
shared_ptr.h:714:5:) [with _Tp = RoomChooseMenuState; _Args = {std::shared_ptr<StateManager>&}]	24	static
shared_ptr.h:263:2:std::shared_ptr<_Tp>::shared_ptr(std::shared_ptr<_Yp>&&) [with _Yp = RoomChooseMenuState; <template-parameter-2-2> = void; _Tp = State]	24	static
basic_string.h:263:9:void std::__cxx11::basic_string<_CharT, _Traits, _Alloc>::_M_construct(_InIterator, _InIterator) [with _InIterator = const char*; _CharT = char; _Traits = std::char_traits<char>; _Alloc = std::allocator<char>]	24	static
shared_ptr_base.h:121:7:std::_Sp_counted_base<_Lp>::~_Sp_counted_base() [with __gnu_cxx::_Lock_policy _Lp = __gnu_cxx::_S_single]	16	static
shared_ptr_base.h:121:7:std::_Sp_counted_base<_Lp>::~_Sp_counted_base() [with __gnu_cxx::_Lock_policy _Lp = __gnu_cxx::_S_single]	16	static
allocator.h:138:7:std::allocator< <template-parameter-1-1> >::allocator() [with _Tp = std::shared_ptr<Button>]	16	static
stl_vector.h:94:2:std::_Vector_base<_Tp, _Alloc>::_Vector_impl_data::_Vector_impl_data() [with _Tp = std::shared_ptr<Button>; _Alloc = std::allocator<std::shared_ptr<Button> >]	16	static
new_allocator.h:89:7:__gnu_cxx::new_allocator<_Tp>::~new_allocator() [with _Tp = std::shared_ptr<Button>]	16	static
stl_vector.h:347:7:void std::_Vector_base<_Tp, _Alloc>::_M_deallocate(std::_Vector_base<_Tp, _Alloc>::pointer, std::size_t) [with _Tp = std::shared_ptr<Button>; _Alloc = std::allocator<std::shared_ptr<Button> >]	24	static
stl_vector.h:273:7:std::_Vector_base<_Tp, _Alloc>::_Tp_alloc_type& std::_Vector_base<_Tp, _Alloc>::_M_get_Tp_allocator() [with _Tp = std::shared_ptr<Button>; _Alloc = std::allocator<std::shared_ptr<Button> >]	16	static
stl_construct.h:203:5:void std::_Destroy(_ForwardIterator, _ForwardIterator, std::allocator<_T2>&) [with _ForwardIterator = std::shared_ptr<Button>*; _Tp = std::shared_ptr<Button>]	24	static
allocator.h:138:7:std::allocator< <template-parameter-1-1> >::allocator() [with _Tp = std::shared_ptr<TextBox>]	16	static
stl_vector.h:94:2:std::_Vector_base<_Tp, _Alloc>::_Vector_impl_data::_Vector_impl_data() [with _Tp = std::shared_ptr<TextBox>; _Alloc = std::allocator<std::shared_ptr<TextBox> >]	16	static
new_allocator.h:89:7:__gnu_cxx::new_allocator<_Tp>::~new_allocator() [with _Tp = std::shared_ptr<TextBox>]	16	static
stl_vector.h:347:7:void std::_Vector_base<_Tp, _Alloc>::_M_deallocate(std::_Vector_base<_Tp, _Alloc>::pointer, std::size_t) [with _Tp = std::shared_ptr<TextBox>; _Alloc = std::allocator<std::shared_ptr<TextBox> >]	24	static
stl_vector.h:273:7:std::_Vector_base<_Tp, _Alloc>::_Tp_alloc_type& std::_Vector_base<_Tp, _Alloc>::_M_get_Tp_allocator() [with _Tp = std::shared_ptr<TextBox>; _Alloc = std::allocator<std::shared_ptr<TextBox> >]	16	static
stl_construct.h:203:5:void std::_Destroy(_ForwardIterator, _ForwardIterator, std::allocator<_T2>&) [with _ForwardIterator = std::shared_ptr<TextBox>*; _Tp = std::shared_ptr<TextBox>]	24	static
stl_vector.h:277:7:const _Tp_alloc_type& std::_Vector_base<_Tp, _Alloc>::_M_get_Tp_allocator() const [with _Tp = std::shared_ptr<Button>; _Alloc = std::allocator<std::shared_ptr<Button> >]	16	static
allocator.h:160:7:bool std::operator!=(const std::allocator<std::shared_ptr<Button> >&, const std::allocator<std::shared_ptr<Button> >&)	16	static
stl_vector.h:1495:7:void std::vector<_Tp, _Alloc>::clear() [with _Tp = std::shared_ptr<Button>; _Alloc = std::allocator<std::shared_ptr<Button> >]	16	static
alloc_traits.h:530:17:void std::__alloc_on_copy(_Alloc&, const _Alloc&) [with _Alloc = std::allocator<std::shared_ptr<Button> >]	24	static
stl_vector.h:915:7:std::vector<_Tp, _Alloc>::size_type std::vector<_Tp, _Alloc>::size() const [with _Tp = std::shared_ptr<Button>; _Alloc = std::allocator<std::shared_ptr<Button> >]	16	static
stl_vector.h:995:7:std::vector<_Tp, _Alloc>::size_type std::vector<_Tp, _Alloc>::capacity() const [with _Tp = std::shared_ptr<Button>; _Alloc = std::allocator<std::shared_ptr<Button> >]	16	static
stl_vector.h:817:7:std::vector<_Tp, _Alloc>::const_iterator std::vector<_Tp, _Alloc>::begin() const [with _Tp = std::shared_ptr<Button>; _Alloc = std::allocator<std::shared_ptr<Button> >]	24	static
stl_vector.h:835:7:std::vector<_Tp, _Alloc>::const_iterator std::vector<_Tp, _Alloc>::end() const [with _Tp = std::shared_ptr<Button>; _Alloc = std::allocator<std::shared_ptr<Button> >]	24	static
stl_vector.h:1505:2:std::vector<_Tp, _Alloc>::pointer std::vector<_Tp, _Alloc>::_M_allocate_and_copy(std::vector<_Tp, _Alloc>::size_type, _ForwardIterator, _ForwardIterator) [with _ForwardIterator = __gnu_cxx::__normal_iterator<const std::shared_ptr<Button>*, std::vector<std::shared_ptr<Button> > >; _Tp = std::shared_ptr<Button>; _Alloc = std::allocator<std::shared_ptr<Button> >]	32	static
stl_vector.h:808:7:std::vector<_Tp, _Alloc>::iterator std::vector<_Tp, _Alloc>::begin() [with _Tp = std::shared_ptr<Button>; _Alloc = std::allocator<std::shared_ptr<Button> >]	24	static
stl_algobase.h:465:5:_OI std::copy(_II, _II, _OI) [with _II = __gnu_cxx::__normal_iterator<const std::shared_ptr<Button>*, std::vector<std::shared_ptr<Button> > >; _OI = __gnu_cxx::__normal_iterator<std::shared_ptr<Button>*, std::vector<std::shared_ptr<Button> > >]	32	static
stl_vector.h:826:7:std::vector<_Tp, _Alloc>::iterator std::vector<_Tp, _Alloc>::end() [with _Tp = std::shared_ptr<Button>; _Alloc = std::allocator<std::shared_ptr<Button> >]	24	static
stl_construct.h:203:5:void std::_Destroy(_ForwardIterator, _ForwardIterator, std::allocator<_T2>&) [with _ForwardIterator = __gnu_cxx::__normal_iterator<std::shared_ptr<Button>*, std::vector<std::shared_ptr<Button> > >; _Tp = std::shared_ptr<Button>]	24	static
stl_algobase.h:465:5:_OI std::copy(_II, _II, _OI) [with _II = std::shared_ptr<Button>*; _OI = std::shared_ptr<Button>*]	32	static
stl_uninitialized.h:305:5:_ForwardIterator std::__uninitialized_copy_a(_InputIterator, _InputIterator, _ForwardIterator, std::allocator<_Tp>&) [with _InputIterator = std::shared_ptr<Button>*; _ForwardIterator = std::shared_ptr<Button>*; _Tp = std::shared_ptr<Button>]	24	static
stl_vector.h:277:7:const _Tp_alloc_type& std::_Vector_base<_Tp, _Alloc>::_M_get_Tp_allocator() const [with _Tp = std::shared_ptr<TextBox>; _Alloc = std::allocator<std::shared_ptr<TextBox> >]	16	static
allocator.h:160:7:bool std::operator!=(const std::allocator<std::shared_ptr<TextBox> >&, const std::allocator<std::shared_ptr<TextBox> >&)	16	static
stl_vector.h:1495:7:void std::vector<_Tp, _Alloc>::clear() [with _Tp = std::shared_ptr<TextBox>; _Alloc = std::allocator<std::shared_ptr<TextBox> >]	16	static
alloc_traits.h:530:17:void std::__alloc_on_copy(_Alloc&, const _Alloc&) [with _Alloc = std::allocator<std::shared_ptr<TextBox> >]	24	static
stl_vector.h:915:7:std::vector<_Tp, _Alloc>::size_type std::vector<_Tp, _Alloc>::size() const [with _Tp = std::shared_ptr<TextBox>; _Alloc = std::allocator<std::shared_ptr<TextBox> >]	16	static
stl_vector.h:995:7:std::vector<_Tp, _Alloc>::size_type std::vector<_Tp, _Alloc>::capacity() const [with _Tp = std::shared_ptr<TextBox>; _Alloc = std::allocator<std::shared_ptr<TextBox> >]	16	static
stl_vector.h:817:7:std::vector<_Tp, _Alloc>::const_iterator std::vector<_Tp, _Alloc>::begin() const [with _Tp = std::shared_ptr<TextBox>; _Alloc = std::allocator<std::shared_ptr<TextBox> >]	24	static
stl_vector.h:835:7:std::vector<_Tp, _Alloc>::const_iterator std::vector<_Tp, _Alloc>::end() const [with _Tp = std::shared_ptr<TextBox>; _Alloc = std::allocator<std::shared_ptr<TextBox> >]	24	static
stl_vector.h:1505:2:std::vector<_Tp, _Alloc>::pointer std::vector<_Tp, _Alloc>::_M_allocate_and_copy(std::vector<_Tp, _Alloc>::size_type, _ForwardIterator, _ForwardIterator) [with _ForwardIterator = __gnu_cxx::__normal_iterator<const std::shared_ptr<TextBox>*, std::vector<std::shared_ptr<TextBox> > >; _Tp = std::shared_ptr<TextBox>; _Alloc = std::allocator<std::shared_ptr<TextBox> >]	32	static
stl_vector.h:808:7:std::vector<_Tp, _Alloc>::iterator std::vector<_Tp, _Alloc>::begin() [with _Tp = std::shared_ptr<TextBox>; _Alloc = std::allocator<std::shared_ptr<TextBox> >]	24	static
stl_algobase.h:465:5:_OI std::copy(_II, _II, _OI) [with _II = __gnu_cxx::__normal_iterator<const std::shared_ptr<TextBox>*, std::vector<std::shared_ptr<TextBox> > >; _OI = __gnu_cxx::__normal_iterator<std::shared_ptr<TextBox>*, std::vector<std::shared_ptr<TextBox> > >]	32	static
stl_vector.h:826:7:std::vector<_Tp, _Alloc>::iterator std::vector<_Tp, _Alloc>::end() [with _Tp = std::shared_ptr<TextBox>; _Alloc = std::allocator<std::shared_ptr<TextBox> >]	24	static
stl_construct.h:203:5:void std::_Destroy(_ForwardIterator, _ForwardIterator, std::allocator<_T2>&) [with _ForwardIterator = __gnu_cxx::__normal_iterator<std::shared_ptr<TextBox>*, std::vector<std::shared_ptr<TextBox> > >; _Tp = std::shared_ptr<TextBox>]	24	static
stl_algobase.h:465:5:_OI std::copy(_II, _II, _OI) [with _II = std::shared_ptr<TextBox>*; _OI = std::shared_ptr<TextBox>*]	32	static
stl_uninitialized.h:305:5:_ForwardIterator std::__uninitialized_copy_a(_InputIterator, _InputIterator, _ForwardIterator, std::allocator<_Tp>&) [with _InputIterator = std::shared_ptr<TextBox>*; _ForwardIterator = std::shared_ptr<TextBox>*; _Tp = std::shared_ptr<TextBox>]	24	static
shared_ptr_base.h:1020:7:std::__shared_ptr_access<_Tp, _Lp, <anonymous>, <anonymous> >::element_type* std::__shared_ptr_access<_Tp, _Lp, <anonymous>, <anonymous> >::_M_get() const [with _Tp = StateManager; __gnu_cxx::_Lock_policy _Lp = __gnu_cxx::_S_single; bool <anonymous> = false; bool <anonymous> = false]	16	static
allocator.h:138:7:std::allocator< <template-parameter-1-1> >::allocator() [with _Tp = RoomChooseMenuState]	16	static
allocator.h:153:7:std::allocator< <template-parameter-1-1> >::~allocator() [with _Tp = RoomChooseMenuState]	16	static
move.h:74:5:constexpr _Tp&& std::forward(typename std::remove_reference<_Tp>::type&) [with _Tp = std::shared_ptr<StateManager>&]	16	static
shared_ptr.h:699:5:) [with _Tp = RoomChooseMenuState; _Alloc = std::allocator<RoomChooseMenuState>; _Args = {std::shared_ptr<StateManager>&}]	32	static
move.h:99:5:constexpr typename std::remove_reference<_Tp>::type&& std::move(_Tp&&) [with _Tp = std::shared_ptr<RoomChooseMenuState>&]	16	static
shared_ptr_base.h:1184:2:std::__shared_ptr<_Tp, _Lp>::__shared_ptr(std::__shared_ptr<_Yp, _Lp>&&) [with _Yp = RoomChooseMenuState; <template-parameter-2-2> = void; _Tp = State; __gnu_cxx::_Lock_policy _Lp = __gnu_cxx::_S_single]	16	static
basic_string.h:243:9:void std::__cxx11::basic_string<_CharT, _Traits, _Alloc>::_M_construct_aux(_InIterator, _InIterator, std::__false_type) [with _InIterator = const char*; _CharT = char; _Traits = std::char_traits<char>; _Alloc = std::allocator<char>]	40	static
new_allocator.h:80:7:__gnu_cxx::new_allocator<_Tp>::new_allocator() [with _Tp = std::shared_ptr<Button>]	16	static
alloc_traits.h:469:7:static void std::allocator_traits<std::allocator<_CharT> >::deallocate(std::allocator_traits<std::allocator<_CharT> >::allocator_type&, std::allocator_traits<std::allocator<_CharT> >::pointer, std::allocator_traits<std::allocator<_CharT> >::size_type) [with _Tp = std::shared_ptr<Button>]	24	static
stl_construct.h:127:5:void std::_Destroy(_ForwardIterator, _ForwardIterator) [with _ForwardIterator = std::shared_ptr<Button>*]	16	static
new_allocator.h:80:7:__gnu_cxx::new_allocator<_Tp>::new_allocator() [with _Tp = std::shared_ptr<TextBox>]	16	static
alloc_traits.h:469:7:static void std::allocator_traits<std::allocator<_CharT> >::deallocate(std::allocator_traits<std::allocator<_CharT> >::allocator_type&, std::allocator_traits<std::allocator<_CharT> >::pointer, std::allocator_traits<std::allocator<_CharT> >::size_type) [with _Tp = std::shared_ptr<TextBox>]	24	static
stl_construct.h:127:5:void std::_Destroy(_ForwardIterator, _ForwardIterator) [with _ForwardIterator = std::shared_ptr<TextBox>*]	16	static
stl_vector.h:1789:7:void std::vector<_Tp, _Alloc>::_M_erase_at_end(std::vector<_Tp, _Alloc>::pointer) [with _Tp = std::shared_ptr<Button>; _Alloc = std::allocator<std::shared_ptr<Button> >]	32	static
alloc_traits.h:526:5:void std::__do_alloc_on_copy(_Alloc&, const _Alloc&, std::false_type) [with _Alloc = std::allocator<std::shared_ptr<Button> >]	24	static
stl_iterator.h:806:7:__gnu_cxx::__normal_iterator<_Iterator, _Container>::__normal_iterator(const _Iterator&) [with _Iterator = const std::shared_ptr<Button>*; _Container = std::vector<std::shared_ptr<Button> >]	16	static
stl_vector.h:340:7:std::_Vector_base<_Tp, _Alloc>::pointer std::_Vector_base<_Tp, _Alloc>::_M_allocate(std::size_t) [with _Tp = std::shared_ptr<Button>; _Alloc = std::allocator<std::shared_ptr<Button> >]	16	static
stl_uninitialized.h:305:5:_ForwardIterator std::__uninitialized_copy_a(_InputIterator, _InputIterator, _ForwardIterator, std::allocator<_Tp>&) [with _InputIterator = __gnu_cxx::__normal_iterator<const std::shared_ptr<Button>*, std::vector<std::shared_ptr<Button> > >; _ForwardIterator = std::shared_ptr<Button>*; _Tp = std::shared_ptr<Button>]	24	static
stl_iterator.h:806:7:__gnu_cxx::__normal_iterator<_Iterator, _Container>::__normal_iterator(const _Iterator&) [with _Iterator = std::shared_ptr<Button>*; _Container = std::vector<std::shared_ptr<Button> >]	16	static
cpp_type_traits.h:428:5:_Iterator std::__miter_base(_Iterator) [with _Iterator = __gnu_cxx::__normal_iterator<const std::shared_ptr<Button>*, std::vector<std::shared_ptr<Button> > >]	16	static
stl_algobase.h:438:5:_OI std::__copy_move_a2(_II, _II, _OI) [with bool _IsMove = false; _II = __gnu_cxx::__normal_iterator<const std::shared_ptr<Button>*, std::vector<std::shared_ptr<Button> > >; _OI = __gnu_cxx::__normal_iterator<std::shared_ptr<Button>*, std::vector<std::shared_ptr<Button> > >]	32	static
stl_construct.h:127:5:void std::_Destroy(_ForwardIterator, _ForwardIterator) [with _ForwardIterator = __gnu_cxx::__normal_iterator<std::shared_ptr<Button>*, std::vector<std::shared_ptr<Button> > >]	16	static
cpp_type_traits.h:428:5:_Iterator std::__miter_base(_Iterator) [with _Iterator = std::shared_ptr<Button>*]	16	static
stl_algobase.h:438:5:_OI std::__copy_move_a2(_II, _II, _OI) [with bool _IsMove = false; _II = std::shared_ptr<Button>*; _OI = std::shared_ptr<Button>*]	32	static
stl_uninitialized.h:115:5:_ForwardIterator std::uninitialized_copy(_InputIterator, _InputIterator, _ForwardIterator) [with _InputIterator = std::shared_ptr<Button>*; _ForwardIterator = std::shared_ptr<Button>*]	32	static
stl_vector.h:1789:7:void std::vector<_Tp, _Alloc>::_M_erase_at_end(std::vector<_Tp, _Alloc>::pointer) [with _Tp = std::shared_ptr<TextBox>; _Alloc = std::allocator<std::shared_ptr<TextBox> >]	32	static
alloc_traits.h:526:5:void std::__do_alloc_on_copy(_Alloc&, const _Alloc&, std::false_type) [with _Alloc = std::allocator<std::shared_ptr<TextBox> >]	24	static
stl_iterator.h:806:7:__gnu_cxx::__normal_iterator<_Iterator, _Container>::__normal_iterator(const _Iterator&) [with _Iterator = const std::shared_ptr<TextBox>*; _Container = std::vector<std::shared_ptr<TextBox> >]	16	static
stl_vector.h:340:7:std::_Vector_base<_Tp, _Alloc>::pointer std::_Vector_base<_Tp, _Alloc>::_M_allocate(std::size_t) [with _Tp = std::shared_ptr<TextBox>; _Alloc = std::allocator<std::shared_ptr<TextBox> >]	16	static
stl_uninitialized.h:305:5:_ForwardIterator std::__uninitialized_copy_a(_InputIterator, _InputIterator, _ForwardIterator, std::allocator<_Tp>&) [with _InputIterator = __gnu_cxx::__normal_iterator<const std::shared_ptr<TextBox>*, std::vector<std::shared_ptr<TextBox> > >; _ForwardIterator = std::shared_ptr<TextBox>*; _Tp = std::shared_ptr<TextBox>]	24	static
stl_iterator.h:806:7:__gnu_cxx::__normal_iterator<_Iterator, _Container>::__normal_iterator(const _Iterator&) [with _Iterator = std::shared_ptr<TextBox>*; _Container = std::vector<std::shared_ptr<TextBox> >]	16	static
cpp_type_traits.h:428:5:_Iterator std::__miter_base(_Iterator) [with _Iterator = __gnu_cxx::__normal_iterator<const std::shared_ptr<TextBox>*, std::vector<std::shared_ptr<TextBox> > >]	16	static
stl_algobase.h:438:5:_OI std::__copy_move_a2(_II, _II, _OI) [with bool _IsMove = false; _II = __gnu_cxx::__normal_iterator<const std::shared_ptr<TextBox>*, std::vector<std::shared_ptr<TextBox> > >; _OI = __gnu_cxx::__normal_iterator<std::shared_ptr<TextBox>*, std::vector<std::shared_ptr<TextBox> > >]	32	static
stl_construct.h:127:5:void std::_Destroy(_ForwardIterator, _ForwardIterator) [with _ForwardIterator = __gnu_cxx::__normal_iterator<std::shared_ptr<TextBox>*, std::vector<std::shared_ptr<TextBox> > >]	16	static
cpp_type_traits.h:428:5:_Iterator std::__miter_base(_Iterator) [with _Iterator = std::shared_ptr<TextBox>*]	16	static
stl_algobase.h:438:5:_OI std::__copy_move_a2(_II, _II, _OI) [with bool _IsMove = false; _II = std::shared_ptr<TextBox>*; _OI = std::shared_ptr<TextBox>*]	32	static
stl_uninitialized.h:115:5:_ForwardIterator std::uninitialized_copy(_InputIterator, _InputIterator, _ForwardIterator) [with _InputIterator = std::shared_ptr<TextBox>*; _ForwardIterator = std::shared_ptr<TextBox>*]	32	static
shared_ptr_base.h:1309:7:std::__shared_ptr<_Tp, _Lp>::element_type* std::__shared_ptr<_Tp, _Lp>::get() const [with _Tp = StateManager; __gnu_cxx::_Lock_policy _Lp = __gnu_cxx::_S_single]	16	static
new_allocator.h:80:7:__gnu_cxx::new_allocator<_Tp>::new_allocator() [with _Tp = RoomChooseMenuState]	16	static
new_allocator.h:89:7:__gnu_cxx::new_allocator<_Tp>::~new_allocator() [with _Tp = RoomChooseMenuState]	16	static
shared_ptr.h:358:2:) [with _Alloc = std::allocator<RoomChooseMenuState>; _Args = {std::shared_ptr<StateManager>&}; _Tp = RoomChooseMenuState]	32	static
shared_ptr_base.h:616:17:constexpr std::__shared_count<_Lp>::__shared_count() [with __gnu_cxx::_Lock_policy _Lp = __gnu_cxx::_S_single]	16	static
shared_ptr_base.h:756:7:void std::__shared_count<_Lp>::_M_swap(std::__shared_count<_Lp>&) [with __gnu_cxx::_Lock_policy _Lp = __gnu_cxx::_S_single]	24	static
stl_iterator_base_funcs.h:138:5:constexpr typename std::iterator_traits<_Iterator>::difference_type std::distance(_InputIterator, _InputIterator) [with _InputIterator = const char*]	24	static
basic_string.tcc:206:7:void std::__cxx11::basic_string<_CharT, _Traits, _Alloc>::_M_construct(_InIterator, _InIterator, std::forward_iterator_tag) [with _FwdIterator = const char*; _CharT = char; _Traits = std::char_traits<char>; _Alloc = std::allocator<char>]	32	static
new_allocator.h:119:7:void __gnu_cxx::new_allocator<_Tp>::deallocate(__gnu_cxx::new_allocator<_Tp>::pointer, __gnu_cxx::new_allocator<_Tp>::size_type) [with _Tp = std::shared_ptr<Button>]	24	static
stl_construct.h:105:9:static void std::_Destroy_aux<<anonymous> >::__destroy(_ForwardIterator, _ForwardIterator) [with _ForwardIterator = std::shared_ptr<Button>*; bool <anonymous> = false]	16	static
new_allocator.h:119:7:void __gnu_cxx::new_allocator<_Tp>::deallocate(__gnu_cxx::new_allocator<_Tp>::pointer, __gnu_cxx::new_allocator<_Tp>::size_type) [with _Tp = std::shared_ptr<TextBox>]	24	static
stl_construct.h:105:9:static void std::_Destroy_aux<<anonymous> >::__destroy(_ForwardIterator, _ForwardIterator) [with _ForwardIterator = std::shared_ptr<TextBox>*; bool <anonymous> = false]	16	static
alloc_traits.h:443:7:static _Tp* std::allocator_traits<std::allocator<_CharT> >::allocate(std::allocator_traits<std::allocator<_CharT> >::allocator_type&, std::allocator_traits<std::allocator<_CharT> >::size_type) [with _Tp = std::shared_ptr<Button>]	16	static
stl_uninitialized.h:115:5:_ForwardIterator std::uninitialized_copy(_InputIterator, _InputIterator, _ForwardIterator) [with _InputIterator = __gnu_cxx::__normal_iterator<const std::shared_ptr<Button>*, std::vector<std::shared_ptr<Button> > >; _ForwardIterator = std::shared_ptr<Button>*]	32	static
stl_iterator.h:1010:5:_Iterator std::__niter_base(__gnu_cxx::__normal_iterator<_Iterator, _Container>) [with _Iterator = const std::shared_ptr<Button>*; _Container = std::vector<std::shared_ptr<Button> >]	16	static
stl_iterator.h:1010:5:_Iterator std::__niter_base(__gnu_cxx::__normal_iterator<_Iterator, _Container>) [with _Iterator = std::shared_ptr<Button>*; _Container = std::vector<std::shared_ptr<Button> >]	16	static
stl_algobase.h:393:5:_OI std::__copy_move_a(_II, _II, _OI) [with bool _IsMove = false; _II = const std::shared_ptr<Button>*; _OI = std::shared_ptr<Button>*]	32	static
stl_algobase.h:289:5:_From std::__niter_wrap(_From, _To) [with _From = __gnu_cxx::__normal_iterator<std::shared_ptr<Button>*, std::vector<std::shared_ptr<Button> > >; _To = std::shared_ptr<Button>*]	16	static
stl_construct.h:105:9:static void std::_Destroy_aux<<anonymous> >::__destroy(_ForwardIterator, _ForwardIterator) [with _ForwardIterator = __gnu_cxx::__normal_iterator<std::shared_ptr<Button>*, std::vector<std::shared_ptr<Button> > >; bool <anonymous> = false]	16	static
stl_algobase.h:280:5:_Iterator std::__niter_base(_Iterator) [with _Iterator = std::shared_ptr<Button>*]	16	static
stl_algobase.h:393:5:_OI std::__copy_move_a(_II, _II, _OI) [with bool _IsMove = false; _II = std::shared_ptr<Button>*; _OI = std::shared_ptr<Button>*]	32	static
stl_algobase.h:295:5:_Iterator std::__niter_wrap(const _Iterator&, _Iterator) [with _Iterator = std::shared_ptr<Button>*]	16	static
stl_uninitialized.h:76:9:static _ForwardIterator std::__uninitialized_copy<_TrivialValueTypes>::__uninit_copy(_InputIterator, _InputIterator, _ForwardIterator) [with _InputIterator = std::shared_ptr<Button>*; _ForwardIterator = std::shared_ptr<Button>*; bool _TrivialValueTypes = false]	32	static
alloc_traits.h:443:7:static _Tp* std::allocator_traits<std::allocator<_CharT> >::allocate(std::allocator_traits<std::allocator<_CharT> >::allocator_type&, std::allocator_traits<std::allocator<_CharT> >::size_type) [with _Tp = std::shared_ptr<TextBox>]	16	static
stl_uninitialized.h:115:5:_ForwardIterator std::uninitialized_copy(_InputIterator, _InputIterator, _ForwardIterator) [with _InputIterator = __gnu_cxx::__normal_iterator<const std::shared_ptr<TextBox>*, std::vector<std::shared_ptr<TextBox> > >; _ForwardIterator = std::shared_ptr<TextBox>*]	32	static
stl_iterator.h:1010:5:_Iterator std::__niter_base(__gnu_cxx::__normal_iterator<_Iterator, _Container>) [with _Iterator = const std::shared_ptr<TextBox>*; _Container = std::vector<std::shared_ptr<TextBox> >]	16	static
stl_iterator.h:1010:5:_Iterator std::__niter_base(__gnu_cxx::__normal_iterator<_Iterator, _Container>) [with _Iterator = std::shared_ptr<TextBox>*; _Container = std::vector<std::shared_ptr<TextBox> >]	16	static
stl_algobase.h:393:5:_OI std::__copy_move_a(_II, _II, _OI) [with bool _IsMove = false; _II = const std::shared_ptr<TextBox>*; _OI = std::shared_ptr<TextBox>*]	32	static
stl_algobase.h:289:5:_From std::__niter_wrap(_From, _To) [with _From = __gnu_cxx::__normal_iterator<std::shared_ptr<TextBox>*, std::vector<std::shared_ptr<TextBox> > >; _To = std::shared_ptr<TextBox>*]	16	static
stl_construct.h:105:9:static void std::_Destroy_aux<<anonymous> >::__destroy(_ForwardIterator, _ForwardIterator) [with _ForwardIterator = __gnu_cxx::__normal_iterator<std::shared_ptr<TextBox>*, std::vector<std::shared_ptr<TextBox> > >; bool <anonymous> = false]	16	static
stl_algobase.h:280:5:_Iterator std::__niter_base(_Iterator) [with _Iterator = std::shared_ptr<TextBox>*]	16	static
stl_algobase.h:393:5:_OI std::__copy_move_a(_II, _II, _OI) [with bool _IsMove = false; _II = std::shared_ptr<TextBox>*; _OI = std::shared_ptr<TextBox>*]	32	static
stl_algobase.h:295:5:_Iterator std::__niter_wrap(const _Iterator&, _Iterator) [with _Iterator = std::shared_ptr<TextBox>*]	16	static
stl_uninitialized.h:76:9:static _ForwardIterator std::__uninitialized_copy<_TrivialValueTypes>::__uninit_copy(_InputIterator, _InputIterator, _ForwardIterator) [with _InputIterator = std::shared_ptr<TextBox>*; _ForwardIterator = std::shared_ptr<TextBox>*; bool _TrivialValueTypes = false]	32	static
shared_ptr_base.h:1343:2:) [with _Alloc = std::allocator<RoomChooseMenuState>; _Args = {std::shared_ptr<StateManager>&}; _Tp = RoomChooseMenuState; __gnu_cxx::_Lock_policy _Lp = __gnu_cxx::_S_single]	32	static
type_traits.h:152:5:bool __gnu_cxx::__is_null_pointer(_Type*) [with _Type = const char]	16	static
stl_iterator_base_types.h:205:5:constexpr typename std::iterator_traits<_Iterator>::iterator_category std::__iterator_category(const _Iter&) [with _Iter = const char*]	16	static
stl_iterator_base_funcs.h:98:5:constexpr typename std::iterator_traits<_Iterator>::difference_type std::__distance(_RandomAccessIterator, _RandomAccessIterator, std::random_access_iterator_tag) [with _RandomAccessIterator = const char*]	24	static
move.h:47:5:constexpr _Tp* std::__addressof(_Tp&) [with _Tp = std::shared_ptr<Button>]	16	static
shared_ptr_base.h:1169:7:std::__shared_ptr<_Tp, _Lp>::~__shared_ptr() [with _Tp = Button; __gnu_cxx::_Lock_policy _Lp = __gnu_cxx::_S_single]	16	static
shared_ptr.h:103:11:std::shared_ptr<Button>::~shared_ptr()	16	static
stl_construct.h:97:5:void std::_Destroy(_Tp*) [with _Tp = std::shared_ptr<Button>]	16	static
move.h:47:5:constexpr _Tp* std::__addressof(_Tp&) [with _Tp = std::shared_ptr<TextBox>]	16	static
shared_ptr_base.h:1169:7:std::__shared_ptr<_Tp, _Lp>::~__shared_ptr() [with _Tp = TextBox; __gnu_cxx::_Lock_policy _Lp = __gnu_cxx::_S_single]	16	static
shared_ptr.h:103:11:std::shared_ptr<TextBox>::~shared_ptr()	16	static
stl_construct.h:97:5:void std::_Destroy(_Tp*) [with _Tp = std::shared_ptr<TextBox>]	16	static
new_allocator.h:102:7:_Tp* __gnu_cxx::new_allocator<_Tp>::allocate(__gnu_cxx::new_allocator<_Tp>::size_type, const void*) [with _Tp = std::shared_ptr<Button>]	24	static
stl_uninitialized.h:76:9:static _ForwardIterator std::__uninitialized_copy<_TrivialValueTypes>::__uninit_copy(_InputIterator, _InputIterator, _ForwardIterator) [with _InputIterator = __gnu_cxx::__normal_iterator<const std::shared_ptr<Button>*, std::vector<std::shared_ptr<Button> > >; _ForwardIterator = std::shared_ptr<Button>*; bool _TrivialValueTypes = false]	40	static
stl_iterator.h:871:7:const _Iterator& __gnu_cxx::__normal_iterator<_Iterator, _Container>::base() const [with _Iterator = const std::shared_ptr<Button>*; _Container = std::vector<std::shared_ptr<Button> >]	16	static
stl_iterator.h:871:7:const _Iterator& __gnu_cxx::__normal_iterator<_Iterator, _Container>::base() const [with _Iterator = std::shared_ptr<Button>*; _Container = std::vector<std::shared_ptr<Button> >]	16	static
shared_ptr_base.h:1080:11:std::__shared_ptr<_Tp, _Lp>& std::__shared_ptr<_Tp, _Lp>::operator=(const std::__shared_ptr<_Tp, _Lp>&) [with _Tp = Button; __gnu_cxx::_Lock_policy _Lp = __gnu_cxx::_S_single]	16	static
shared_ptr.h:103:11:std::shared_ptr<_Tp>& std::shared_ptr<_Tp>::operator=(const std::shared_ptr<_Tp>&) [with _Tp = Button]	16	static
stl_algobase.h:337:2:static _OI std::__copy_move<false, false, std::random_access_iterator_tag>::__copy_m(_II, _II, _OI) [with _II = const std::shared_ptr<Button>*; _OI = std::shared_ptr<Button>*]	32	static
stl_iterator.h:859:7:__gnu_cxx::__normal_iterator<_Iterator, _Container> __gnu_cxx::__normal_iterator<_Iterator, _Container>::operator+(__gnu_cxx::__normal_iterator<_Iterator, _Container>::difference_type) const [with _Iterator = std::shared_ptr<Button>*; _Container = std::vector<std::shared_ptr<Button> >]	24	static
stl_iterator.h:907:5:bool __gnu_cxx::operator!=(const __gnu_cxx::__normal_iterator<_Iterator, _Container>&, const __gnu_cxx::__normal_iterator<_Iterator, _Container>&) [with _Iterator = std::shared_ptr<Button>*; _Container = std::vector<std::shared_ptr<Button> >]	24	static
stl_iterator.h:827:7:__gnu_cxx::__normal_iterator<_Iterator, _Container>& __gnu_cxx::__normal_iterator<_Iterator, _Container>::operator++() [with _Iterator = std::shared_ptr<Button>*; _Container = std::vector<std::shared_ptr<Button> >]	16	static
stl_iterator.h:819:7:__gnu_cxx::__normal_iterator<_Iterator, _Container>::reference __gnu_cxx::__normal_iterator<_Iterator, _Container>::operator*() const [with _Iterator = std::shared_ptr<Button>*; _Container = std::vector<std::shared_ptr<Button> >]	16	static
stl_algobase.h:337:2:static _OI std::__copy_move<false, false, std::random_access_iterator_tag>::__copy_m(_II, _II, _OI) [with _II = std::shared_ptr<Button>*; _OI = std::shared_ptr<Button>*]	32	static
shared_ptr_base.h:1167:7:std::__shared_ptr<_Tp, _Lp>::__shared_ptr(const std::__shared_ptr<_Tp, _Lp>&) [with _Tp = Button; __gnu_cxx::_Lock_policy _Lp = __gnu_cxx::_S_single]	16	static
shared_ptr.h:129:7:std::shared_ptr<_Tp>::shared_ptr(const std::shared_ptr<_Tp>&) [with _Tp = Button]	16	static
stl_construct.h:74:5:) [with _T1 = std::shared_ptr<Button>; _Args = {std::shared_ptr<Button>&}]	24	static
new_allocator.h:102:7:_Tp* __gnu_cxx::new_allocator<_Tp>::allocate(__gnu_cxx::new_allocator<_Tp>::size_type, const void*) [with _Tp = std::shared_ptr<TextBox>]	24	static
stl_uninitialized.h:76:9:static _ForwardIterator std::__uninitialized_copy<_TrivialValueTypes>::__uninit_copy(_InputIterator, _InputIterator, _ForwardIterator) [with _InputIterator = __gnu_cxx::__normal_iterator<const std::shared_ptr<TextBox>*, std::vector<std::shared_ptr<TextBox> > >; _ForwardIterator = std::shared_ptr<TextBox>*; bool _TrivialValueTypes = false]	40	static
stl_iterator.h:871:7:const _Iterator& __gnu_cxx::__normal_iterator<_Iterator, _Container>::base() const [with _Iterator = const std::shared_ptr<TextBox>*; _Container = std::vector<std::shared_ptr<TextBox> >]	16	static
stl_iterator.h:871:7:const _Iterator& __gnu_cxx::__normal_iterator<_Iterator, _Container>::base() const [with _Iterator = std::shared_ptr<TextBox>*; _Container = std::vector<std::shared_ptr<TextBox> >]	16	static
shared_ptr_base.h:1080:11:std::__shared_ptr<_Tp, _Lp>& std::__shared_ptr<_Tp, _Lp>::operator=(const std::__shared_ptr<_Tp, _Lp>&) [with _Tp = TextBox; __gnu_cxx::_Lock_policy _Lp = __gnu_cxx::_S_single]	16	static
shared_ptr.h:103:11:std::shared_ptr<_Tp>& std::shared_ptr<_Tp>::operator=(const std::shared_ptr<_Tp>&) [with _Tp = TextBox]	16	static
stl_algobase.h:337:2:static _OI std::__copy_move<false, false, std::random_access_iterator_tag>::__copy_m(_II, _II, _OI) [with _II = const std::shared_ptr<TextBox>*; _OI = std::shared_ptr<TextBox>*]	32	static
stl_iterator.h:859:7:__gnu_cxx::__normal_iterator<_Iterator, _Container> __gnu_cxx::__normal_iterator<_Iterator, _Container>::operator+(__gnu_cxx::__normal_iterator<_Iterator, _Container>::difference_type) const [with _Iterator = std::shared_ptr<TextBox>*; _Container = std::vector<std::shared_ptr<TextBox> >]	24	static
stl_iterator.h:907:5:bool __gnu_cxx::operator!=(const __gnu_cxx::__normal_iterator<_Iterator, _Container>&, const __gnu_cxx::__normal_iterator<_Iterator, _Container>&) [with _Iterator = std::shared_ptr<TextBox>*; _Container = std::vector<std::shared_ptr<TextBox> >]	24	static
stl_iterator.h:827:7:__gnu_cxx::__normal_iterator<_Iterator, _Container>& __gnu_cxx::__normal_iterator<_Iterator, _Container>::operator++() [with _Iterator = std::shared_ptr<TextBox>*; _Container = std::vector<std::shared_ptr<TextBox> >]	16	static
stl_iterator.h:819:7:__gnu_cxx::__normal_iterator<_Iterator, _Container>::reference __gnu_cxx::__normal_iterator<_Iterator, _Container>::operator*() const [with _Iterator = std::shared_ptr<TextBox>*; _Container = std::vector<std::shared_ptr<TextBox> >]	16	static
stl_algobase.h:337:2:static _OI std::__copy_move<false, false, std::random_access_iterator_tag>::__copy_m(_II, _II, _OI) [with _II = std::shared_ptr<TextBox>*; _OI = std::shared_ptr<TextBox>*]	32	static
shared_ptr_base.h:1167:7:std::__shared_ptr<_Tp, _Lp>::__shared_ptr(const std::__shared_ptr<_Tp, _Lp>&) [with _Tp = TextBox; __gnu_cxx::_Lock_policy _Lp = __gnu_cxx::_S_single]	16	static
shared_ptr.h:129:7:std::shared_ptr<_Tp>::shared_ptr(const std::shared_ptr<_Tp>&) [with _Tp = TextBox]	16	static
stl_construct.h:74:5:) [with _T1 = std::shared_ptr<TextBox>; _Args = {std::shared_ptr<TextBox>&}]	24	static
shared_ptr_base.h:672:2:) [with _Tp = RoomChooseMenuState; _Alloc = std::allocator<RoomChooseMenuState>; _Args = {std::shared_ptr<StateManager>&}; __gnu_cxx::_Lock_policy _Lp = __gnu_cxx::_S_single]	64	static
shared_ptr_base.h:1388:2:typename std::enable_if<(! std::__shared_ptr<_Tp, _Lp>::__has_esft_base<_Yp2>::value)>::type std::__shared_ptr<_Tp, _Lp>::_M_enable_shared_from_this_with(_Yp*) [with _Yp = RoomChooseMenuState; _Yp2 = RoomChooseMenuState; _Tp = RoomChooseMenuState; __gnu_cxx::_Lock_policy _Lp = __gnu_cxx::_S_single]	16	static
new_allocator.h:132:7:__gnu_cxx::new_allocator<_Tp>::size_type __gnu_cxx::new_allocator<_Tp>::max_size() const [with _Tp = std::shared_ptr<Button>]	16	static
stl_iterator.h:907:5:bool __gnu_cxx::operator!=(const __gnu_cxx::__normal_iterator<_Iterator, _Container>&, const __gnu_cxx::__normal_iterator<_Iterator, _Container>&) [with _Iterator = const std::shared_ptr<Button>*; _Container = std::vector<std::shared_ptr<Button> >]	24	static
stl_iterator.h:827:7:__gnu_cxx::__normal_iterator<_Iterator, _Container>& __gnu_cxx::__normal_iterator<_Iterator, _Container>::operator++() [with _Iterator = const std::shared_ptr<Button>*; _Container = std::vector<std::shared_ptr<Button> >]	16	static
stl_iterator.h:819:7:__gnu_cxx::__normal_iterator<_Iterator, _Container>::reference __gnu_cxx::__normal_iterator<_Iterator, _Container>::operator*() const [with _Iterator = const std::shared_ptr<Button>*; _Container = std::vector<std::shared_ptr<Button> >]	16	static
stl_construct.h:74:5:) [with _T1 = std::shared_ptr<Button>; _Args = {const std::shared_ptr<Button>&}]	24	static
shared_ptr_base.h:741:7:std::__shared_count<_Lp>& std::__shared_count<_Lp>::operator=(const std::__shared_count<_Lp>&) [with __gnu_cxx::_Lock_policy _Lp = __gnu_cxx::_S_single]	24	static
move.h:74:5:constexpr _Tp&& std::forward(typename std::remove_reference<_Tp>::type&) [with _Tp = std::shared_ptr<Button>&]	16	static
new_allocator.h:132:7:__gnu_cxx::new_allocator<_Tp>::size_type __gnu_cxx::new_allocator<_Tp>::max_size() const [with _Tp = std::shared_ptr<TextBox>]	16	static
stl_iterator.h:907:5:bool __gnu_cxx::operator!=(const __gnu_cxx::__normal_iterator<_Iterator, _Container>&, const __gnu_cxx::__normal_iterator<_Iterator, _Container>&) [with _Iterator = const std::shared_ptr<TextBox>*; _Container = std::vector<std::shared_ptr<TextBox> >]	24	static
stl_iterator.h:827:7:__gnu_cxx::__normal_iterator<_Iterator, _Container>& __gnu_cxx::__normal_iterator<_Iterator, _Container>::operator++() [with _Iterator = const std::shared_ptr<TextBox>*; _Container = std::vector<std::shared_ptr<TextBox> >]	16	static
stl_iterator.h:819:7:__gnu_cxx::__normal_iterator<_Iterator, _Container>::reference __gnu_cxx::__normal_iterator<_Iterator, _Container>::operator*() const [with _Iterator = const std::shared_ptr<TextBox>*; _Container = std::vector<std::shared_ptr<TextBox> >]	16	static
stl_construct.h:74:5:) [with _T1 = std::shared_ptr<TextBox>; _Args = {const std::shared_ptr<TextBox>&}]	24	static
move.h:74:5:constexpr _Tp&& std::forward(typename std::remove_reference<_Tp>::type&) [with _Tp = std::shared_ptr<TextBox>&]	16	static
allocator.h:151:2:std::allocator< <template-parameter-1-1> >::allocator(const std::allocator<_Tp1>&) [with _Tp1 = RoomChooseMenuState; _Tp = std::_Sp_counted_ptr_inplace<RoomChooseMenuState, std::allocator<RoomChooseMenuState>, __gnu_cxx::_S_single>]	16	static
allocator.h:153:7:std::allocator< <template-parameter-1-1> >::~allocator() [with _Tp = std::_Sp_counted_ptr_inplace<RoomChooseMenuState, std::allocator<RoomChooseMenuState>, __gnu_cxx::_S_single>]	16	static
allocated_ptr.h:95:5:std::__allocated_ptr<_Alloc> std::__allocate_guarded(_Alloc&) [with _Alloc = std::allocator<std::_Sp_counted_ptr_inplace<RoomChooseMenuState, std::allocator<RoomChooseMenuState>, __gnu_cxx::_S_single> >]	16	static
allocated_ptr.h:70:7:std::__allocated_ptr<_Alloc>::~__allocated_ptr() [with _Alloc = std::allocator<std::_Sp_counted_ptr_inplace<RoomChooseMenuState, std::allocator<RoomChooseMenuState>, __gnu_cxx::_S_single> >]	16	static
allocated_ptr.h:85:19:std::__allocated_ptr<_Alloc>::value_type* std::__allocated_ptr<_Alloc>::get() [with _Alloc = std::allocator<std::_Sp_counted_ptr_inplace<RoomChooseMenuState, std::allocator<RoomChooseMenuState>, __gnu_cxx::_S_single> >]	16	static
allocator.h:141:7:std::allocator< <template-parameter-1-1> >::allocator(const std::allocator< <template-parameter-1-1> >&) [with _Tp = RoomChooseMenuState]	16	static
shared_ptr_base.h:412:12:std::_Sp_ebo_helper<0, std::allocator<RoomChooseMenuState>, true>::~_Sp_ebo_helper()	16	static
shared_ptr_base.h:526:13:std::_Sp_counted_ptr_inplace<RoomChooseMenuState, std::allocator<RoomChooseMenuState>, __gnu_cxx::_S_single>::_Impl::~_Impl()	16	static
shared_ptr_base.h:543:2:) [with _Args = {std::shared_ptr<StateManager>&}; _Tp = RoomChooseMenuState; _Alloc = std::allocator<RoomChooseMenuState>; __gnu_cxx::_Lock_policy _Lp = __gnu_cxx::_S_single]	40	static
allocated_ptr.h:78:7:std::__allocated_ptr<_Alloc>& std::__allocated_ptr<_Alloc>::operator=(std::nullptr_t) [with _Alloc = std::allocator<std::_Sp_counted_ptr_inplace<RoomChooseMenuState, std::allocator<RoomChooseMenuState>, __gnu_cxx::_S_single> >]	16	static
shared_ptr_base.h:594:12:_Tp* std::_Sp_counted_ptr_inplace<_Tp, _Alloc, _Lp>::_M_ptr() [with _Tp = RoomChooseMenuState; _Alloc = std::allocator<RoomChooseMenuState>; __gnu_cxx::_Lock_policy _Lp = __gnu_cxx::_S_single]	16	static
move.h:74:5:constexpr _Tp&& std::forward(typename std::remove_reference<_Tp>::type&) [with _Tp = const std::shared_ptr<Button>&]	16	static
move.h:74:5:constexpr _Tp&& std::forward(typename std::remove_reference<_Tp>::type&) [with _Tp = const std::shared_ptr<TextBox>&]	16	static
new_allocator.h:80:7:__gnu_cxx::new_allocator<_Tp>::new_allocator() [with _Tp = std::_Sp_counted_ptr_inplace<RoomChooseMenuState, std::allocator<RoomChooseMenuState>, __gnu_cxx::_S_single>]	16	static
new_allocator.h:89:7:__gnu_cxx::new_allocator<_Tp>::~new_allocator() [with _Tp = std::_Sp_counted_ptr_inplace<RoomChooseMenuState, std::allocator<RoomChooseMenuState>, __gnu_cxx::_S_single>]	16	static
alloc_traits.h:443:7:static _Tp* std::allocator_traits<std::allocator<_CharT> >::allocate(std::allocator_traits<std::allocator<_CharT> >::allocator_type&, std::allocator_traits<std::allocator<_CharT> >::size_type) [with _Tp = std::_Sp_counted_ptr_inplace<RoomChooseMenuState, std::allocator<RoomChooseMenuState>, __gnu_cxx::_S_single>]	16	static
allocated_ptr.h:52:7:std::__allocated_ptr<_Alloc>::__allocated_ptr(_Alloc&, std::__allocated_ptr<_Alloc>::pointer) [with _Alloc = std::allocator<std::_Sp_counted_ptr_inplace<RoomChooseMenuState, std::allocator<RoomChooseMenuState>, __gnu_cxx::_S_single> >]	24	static
alloc_traits.h:469:7:static void std::allocator_traits<std::allocator<_CharT> >::deallocate(std::allocator_traits<std::allocator<_CharT> >::allocator_type&, std::allocator_traits<std::allocator<_CharT> >::pointer, std::allocator_traits<std::allocator<_CharT> >::size_type) [with _Tp = std::_Sp_counted_ptr_inplace<RoomChooseMenuState, std::allocator<RoomChooseMenuState>, __gnu_cxx::_S_single>]	24	static
ptr_traits.h:155:5:constexpr _Tp* std::__to_address(_Tp*) [with _Tp = std::_Sp_counted_ptr_inplace<RoomChooseMenuState, std::allocator<RoomChooseMenuState>, __gnu_cxx::_S_single>]	16	static
new_allocator.h:83:7:__gnu_cxx::new_allocator<_Tp>::new_allocator(const __gnu_cxx::new_allocator<_Tp>&) [with _Tp = RoomChooseMenuState]	16	static
shared_ptr_base.h:117:7:std::_Sp_counted_base<_Lp>::_Sp_counted_base() [with __gnu_cxx::_Lock_policy _Lp = __gnu_cxx::_S_single]	16	static
shared_ptr_base.h:531:11:std::_Sp_counted_ptr_inplace<_Tp, _Alloc, _Lp>::_Impl::_Impl(_Alloc) [with _Tp = RoomChooseMenuState; _Alloc = std::allocator<RoomChooseMenuState>; __gnu_cxx::_Lock_policy _Lp = __gnu_cxx::_S_single]	16	static
alloc_traits.h:482:2:) [with _Up = RoomChooseMenuState; _Args = {std::shared_ptr<StateManager>&}; _Tp = RoomChooseMenuState]	24	static
aligned_buffer.h:114:7:_Tp* __gnu_cxx::__aligned_buffer<_Tp>::_M_ptr() [with _Tp = RoomChooseMenuState]	16	static
new_allocator.h:102:7:_Tp* __gnu_cxx::new_allocator<_Tp>::allocate(__gnu_cxx::new_allocator<_Tp>::size_type, const void*) [with _Tp = std::_Sp_counted_ptr_inplace<RoomChooseMenuState, std::allocator<RoomChooseMenuState>, __gnu_cxx::_S_single>]	24	static
move.h:47:5:constexpr _Tp* std::__addressof(_Tp&) [with _Tp = std::allocator<std::_Sp_counted_ptr_inplace<RoomChooseMenuState, std::allocator<RoomChooseMenuState>, __gnu_cxx::_S_single> >]	16	static
new_allocator.h:119:7:void __gnu_cxx::new_allocator<_Tp>::deallocate(__gnu_cxx::new_allocator<_Tp>::pointer, __gnu_cxx::new_allocator<_Tp>::size_type) [with _Tp = std::_Sp_counted_ptr_inplace<RoomChooseMenuState, std::allocator<RoomChooseMenuState>, __gnu_cxx::_S_single>]	24	static
shared_ptr_base.h:414:16:std::_Sp_ebo_helper<_Nm, _Tp, true>::_Sp_ebo_helper(const _Tp&) [with int _Nm = 0; _Tp = std::allocator<RoomChooseMenuState>]	16	static
new_allocator.h:144:2:) [with _Up = RoomChooseMenuState; _Args = {std::shared_ptr<StateManager>&}; _Tp = RoomChooseMenuState]	40	static
aligned_buffer.h:102:7:void* __gnu_cxx::__aligned_buffer<_Tp>::_M_addr() [with _Tp = RoomChooseMenuState]	16	static
new_allocator.h:132:7:__gnu_cxx::new_allocator<_Tp>::size_type __gnu_cxx::new_allocator<_Tp>::max_size() const [with _Tp = std::_Sp_counted_ptr_inplace<RoomChooseMenuState, std::allocator<RoomChooseMenuState>, __gnu_cxx::_S_single>]	16	static
ChangeRoomNameMenuState.h:10:3:ChangeRoomNameMenuState::~ChangeRoomNameMenuState()	16	static
ChangeRoomNameMenuState.h:10:3:virtual ChangeRoomNameMenuState::~ChangeRoomNameMenuState()	16	static
ChangeRoomNameMenuState.cpp:55:1:void __static_initialization_and_destruction_0(int, int)	16	static
shared_ptr_base.h:552:7:std::_Sp_counted_ptr_inplace<_Tp, _Alloc, _Lp>::~_Sp_counted_ptr_inplace() [with _Tp = RoomChooseMenuState; _Alloc = std::allocator<RoomChooseMenuState>; __gnu_cxx::_Lock_policy _Lp = __gnu_cxx::_S_single]	16	static
shared_ptr_base.h:552:7:std::_Sp_counted_ptr_inplace<_Tp, _Alloc, _Lp>::~_Sp_counted_ptr_inplace() [with _Tp = RoomChooseMenuState; _Alloc = std::allocator<RoomChooseMenuState>; __gnu_cxx::_Lock_policy _Lp = __gnu_cxx::_S_single]	16	static
shared_ptr_base.h:555:7:void std::_Sp_counted_ptr_inplace<_Tp, _Alloc, _Lp>::_M_dispose() [with _Tp = RoomChooseMenuState; _Alloc = std::allocator<RoomChooseMenuState>; __gnu_cxx::_Lock_policy _Lp = __gnu_cxx::_S_single]	24	static
shared_ptr_base.h:562:7:void std::_Sp_counted_ptr_inplace<_Tp, _Alloc, _Lp>::_M_destroy() [with _Tp = RoomChooseMenuState; _Alloc = std::allocator<RoomChooseMenuState>; __gnu_cxx::_Lock_policy _Lp = __gnu_cxx::_S_single]	32	static
shared_ptr_base.h:575:7:void* std::_Sp_counted_ptr_inplace<_Tp, _Alloc, _Lp>::_M_get_deleter(const std::type_info&) [with _Tp = RoomChooseMenuState; _Alloc = std::allocator<RoomChooseMenuState>; __gnu_cxx::_Lock_policy _Lp = __gnu_cxx::_S_single]	24	static
shared_ptr_base.h:533:10:_Alloc& std::_Sp_counted_ptr_inplace<_Tp, _Alloc, _Lp>::_Impl::_M_alloc() [with _Tp = RoomChooseMenuState; _Alloc = std::allocator<RoomChooseMenuState>; __gnu_cxx::_Lock_policy _Lp = __gnu_cxx::_S_single]	16	static
alloc_traits.h:495:2:static void std::allocator_traits<std::allocator<_CharT> >::destroy(std::allocator_traits<std::allocator<_CharT> >::allocator_type&, _Up*) [with _Up = RoomChooseMenuState; _Tp = RoomChooseMenuState]	16	static
shared_ptr_base.h:418:7:static _Tp& std::_Sp_ebo_helper<_Nm, _Tp, true>::_S_get(std::_Sp_ebo_helper<_Nm, _Tp, true>&) [with int _Nm = 0; _Tp = std::allocator<RoomChooseMenuState>]	16	static
new_allocator.h:151:2:void __gnu_cxx::new_allocator<_Tp>::destroy(_Up*) [with _Up = RoomChooseMenuState; _Tp = RoomChooseMenuState]	16	static
ChangeRoomNameMenuState.cpp:55:1:cpp)	8	static
ChangeRoomNameMenuState.cpp:55:1:cpp)	8	static
