gthr-default.h:229:1:int __gthread_key_delete(__gthread_key_t)	16	static
Updatable.h:4:7:constexpr Updatable::Updatable()	16	static
Renderable.h:4:7:constexpr Renderable::Renderable()	16	static
State.h:17:3:State::State(StateManager*)	16	static
State.h:18:11:State::~State()	16	static
State.h:18:11:virtual State::~State()	16	static
ChangeRoomNameMenuState.cpp:10:1:ChangeRoomNameMenuState::ChangeRoomNameMenuState(StateManager*)	232	static
GUI.h:9:7:GUI::~GUI()	16	static
ChangeRoomNameMenuState.cpp:28:1:ChangeRoomNameMenuState::~ChangeRoomNameMenuState()	24	static
ChangeRoomNameMenuState.cpp:28:1:virtual ChangeRoomNameMenuState::~ChangeRoomNameMenuState()	16	static
ChangeRoomNameMenuState.cpp:37:6:virtual void ChangeRoomNameMenuState::update(float)	16	static
ChangeRoomNameMenuState.cpp:41:6:virtual void ChangeRoomNameMenuState::render()	16	static
ChangeRoomNameMenuState.cpp:47:6:virtual void ChangeRoomNameMenuState::processInput()	16	static
stl_vector.h:675:7:std::vector<_Tp, _Alloc>::~vector() [with _Tp = Button; _Alloc = std::allocator<Button>]	24	static
stl_vector.h:675:7:std::vector<_Tp, _Alloc>::~vector() [with _Tp = TextBox; _Alloc = std::allocator<TextBox>]	24	static
stl_vector.h:125:14:std::_Vector_base<Button, std::allocator<Button> >::_Vector_impl::~_Vector_impl()	16	static
stl_vector.h:330:7:std::_Vector_base<_Tp, _Alloc>::~_Vector_base() [with _Tp = Button; _Alloc = std::allocator<Button>]	16	static
stl_vector.h:273:7:std::_Vector_base<_Tp, _Alloc>::_Tp_alloc_type& std::_Vector_base<_Tp, _Alloc>::_M_get_Tp_allocator() [with _Tp = Button; _Alloc = std::allocator<Button>]	16	static
stl_construct.h:203:5:void std::_Destroy(_ForwardIterator, _ForwardIterator, std::allocator<_T2>&) [with _ForwardIterator = Button*; _Tp = Button]	24	static
stl_vector.h:125:14:std::_Vector_base<TextBox, std::allocator<TextBox> >::_Vector_impl::~_Vector_impl()	16	static
stl_vector.h:330:7:std::_Vector_base<_Tp, _Alloc>::~_Vector_base() [with _Tp = TextBox; _Alloc = std::allocator<TextBox>]	16	static
stl_vector.h:273:7:std::_Vector_base<_Tp, _Alloc>::_Tp_alloc_type& std::_Vector_base<_Tp, _Alloc>::_M_get_Tp_allocator() [with _Tp = TextBox; _Alloc = std::allocator<TextBox>]	16	static
stl_construct.h:203:5:void std::_Destroy(_ForwardIterator, _ForwardIterator, std::allocator<_T2>&) [with _ForwardIterator = TextBox*; _Tp = TextBox]	24	static
allocator.h:153:7:std::allocator< <template-parameter-1-1> >::~allocator() [with _Tp = Button]	16	static
stl_vector.h:347:7:void std::_Vector_base<_Tp, _Alloc>::_M_deallocate(std::_Vector_base<_Tp, _Alloc>::pointer, std::size_t) [with _Tp = Button; _Alloc = std::allocator<Button>]	24	static
stl_construct.h:127:5:void std::_Destroy(_ForwardIterator, _ForwardIterator) [with _ForwardIterator = Button*]	16	static
allocator.h:153:7:std::allocator< <template-parameter-1-1> >::~allocator() [with _Tp = TextBox]	16	static
stl_vector.h:347:7:void std::_Vector_base<_Tp, _Alloc>::_M_deallocate(std::_Vector_base<_Tp, _Alloc>::pointer, std::size_t) [with _Tp = TextBox; _Alloc = std::allocator<TextBox>]	24	static
stl_construct.h:127:5:void std::_Destroy(_ForwardIterator, _ForwardIterator) [with _ForwardIterator = TextBox*]	16	static
new_allocator.h:89:7:__gnu_cxx::new_allocator<_Tp>::~new_allocator() [with _Tp = Button]	16	static
alloc_traits.h:469:7:static void std::allocator_traits<std::allocator<_Tp1> >::deallocate(std::allocator_traits<std::allocator<_Tp1> >::allocator_type&, std::allocator_traits<std::allocator<_Tp1> >::pointer, std::allocator_traits<std::allocator<_Tp1> >::size_type) [with _Tp = Button]	24	static
stl_construct.h:117:9:static void std::_Destroy_aux<true>::__destroy(_ForwardIterator, _ForwardIterator) [with _ForwardIterator = Button*]	16	static
new_allocator.h:89:7:__gnu_cxx::new_allocator<_Tp>::~new_allocator() [with _Tp = TextBox]	16	static
alloc_traits.h:469:7:static void std::allocator_traits<std::allocator<_Tp1> >::deallocate(std::allocator_traits<std::allocator<_Tp1> >::allocator_type&, std::allocator_traits<std::allocator<_Tp1> >::pointer, std::allocator_traits<std::allocator<_Tp1> >::size_type) [with _Tp = TextBox]	24	static
stl_construct.h:105:9:static void std::_Destroy_aux<<anonymous> >::__destroy(_ForwardIterator, _ForwardIterator) [with _ForwardIterator = TextBox*; bool <anonymous> = false]	16	static
new_allocator.h:119:7:void __gnu_cxx::new_allocator<_Tp>::deallocate(__gnu_cxx::new_allocator<_Tp>::pointer, __gnu_cxx::new_allocator<_Tp>::size_type) [with _Tp = Button]	24	static
new_allocator.h:119:7:void __gnu_cxx::new_allocator<_Tp>::deallocate(__gnu_cxx::new_allocator<_Tp>::pointer, __gnu_cxx::new_allocator<_Tp>::size_type) [with _Tp = TextBox]	24	static
move.h:47:5:constexpr _Tp* std::__addressof(_Tp&) [with _Tp = TextBox]	16	static
TextBox.h:7:7:TextBox::~TextBox()	16	static
stl_construct.h:97:5:void std::_Destroy(_Tp*) [with _Tp = TextBox]	16	static
