gthr-default.h:229:1:int __gthread_key_delete(__gthread_key_t)	16	static
main.cpp:46:6:void ProgInteruptionHandler()	4	static
main.cpp:51:6:void processInput()	32	static
main.cpp:72:5:int main()	16	static
main.cpp:113:6:void SystemClock_Config()	88	static
main.cpp:160:6:void Error_Handler()	4	static,ignoring_inline_asm
stl_pair.h:524:5:constexpr std::pair<typename std::__decay_and_strip<_Tp>::__type, typename std::__decay_and_strip<_T2>::__type> std::make_pair(_T1&&, _T2&&) [with _T1 = short unsigned int&; _T2 = short unsigned int&]	32	static
move.h:74:5:constexpr _Tp&& std::forward(typename std::remove_reference<_Tp>::type&) [with _Tp = short unsigned int]	16	static
stl_pair.h:360:12:constexpr std::pair<_T1, _T2>::pair(std::pair<_U1, _U2>&&) [with _U1 = short unsigned int; _U2 = short unsigned int; typename std::enable_if<(std::_PCC<((! std::is_same<_T1, _U1>::value) || (! std::is_same<_T2, _U2>::value)), _T1, _T2>::_MoveConstructiblePair<_U1, _U2>() && std::_PCC<((! std::is_same<_T1, _U1>::value) || (! std::is_same<_T2, _U2>::value)), _T1, _T2>::_ImplicitlyMoveConvertiblePair<_U1, _U2>()), bool>::type <anonymous> = true; _T1 = unsigned int; _T2 = unsigned int]	16	static
move.h:74:5:constexpr _Tp&& std::forward(typename std::remove_reference<_Tp>::type&) [with _Tp = short unsigned int&]	16	static
stl_pair.h:341:12:constexpr std::pair<_T1, _T2>::pair(_U1&&, _U2&&) [with _U1 = short unsigned int&; _U2 = short unsigned int&; typename std::enable_if<(std::_PCC<true, _T1, _T2>::_MoveConstructiblePair<_U1, _U2>() && std::_PCC<true, _T1, _T2>::_ImplicitlyMoveConvertiblePair<_U1, _U2>()), bool>::type <anonymous> = true; _T1 = short unsigned int; _T2 = short unsigned int]	24	static
main.cpp:169:1:void __static_initialization_and_destruction_0(int, int)	16	static
main.cpp:169:1:cpp)	8	static
main.cpp:169:1:cpp)	8	static
