new:173:33:void* operator new(std::size_t, void*)	16	static
gthr-default.h:229:1:int __gthread_key_delete(__gthread_key_t)	16	static
shared_ptr_base.h:303:5:void std::_Sp_counted_base<_Lp>::_M_add_ref_copy() [with __gnu_cxx::_Lock_policy _Lp = __gnu_cxx::_S_single]	16	static
shared_ptr_base.h:308:5:void std::_Sp_counted_base<_Lp>::_M_release() [with __gnu_cxx::_Lock_policy _Lp = __gnu_cxx::_S_single]	16	static
shared_ptr_base.h:508:5:static const std::type_info& std::_Sp_make_shared_tag::_S_ti()	4	static
Renderable.h:4:7:constexpr Renderable::Renderable()	16	static
Updatable.h:4:7:constexpr Updatable::Updatable()	16	static
shared_ptr_base.h:1167:7:std::__shared_ptr<_Tp, _Lp>::__shared_ptr(const std::__shared_ptr<_Tp, _Lp>&) [with _Tp = StateManager; __gnu_cxx::_Lock_policy _Lp = __gnu_cxx::_S_single]	16	static
shared_ptr_base.h:1169:7:std::__shared_ptr<_Tp, _Lp>::~__shared_ptr() [with _Tp = StateManager; __gnu_cxx::_Lock_policy _Lp = __gnu_cxx::_S_single]	16	static
shared_ptr.h:129:7:std::shared_ptr<_Tp>::shared_ptr(const std::shared_ptr<_Tp>&) [with _Tp = StateManager]	16	static
shared_ptr.h:103:11:std::shared_ptr<StateManager>::~shared_ptr()	16	static
shared_ptr_base.h:1169:7:std::__shared_ptr<_Tp, _Lp>::~__shared_ptr() [with _Tp = State; __gnu_cxx::_Lock_policy _Lp = __gnu_cxx::_S_single]	16	static
shared_ptr.h:103:11:std::shared_ptr<State>::~shared_ptr()	16	static
shared_ptr_base.h:1169:7:std::__shared_ptr<_Tp, _Lp>::~__shared_ptr() [with _Tp = Flat; __gnu_cxx::_Lock_policy _Lp = __gnu_cxx::_S_single]	16	static
shared_ptr.h:103:11:std::shared_ptr<Flat>::~shared_ptr()	16	static
shared_ptr_base.h:1169:7:std::__shared_ptr<_Tp, _Lp>::~__shared_ptr() [with _Tp = MainMenuState; __gnu_cxx::_Lock_policy _Lp = __gnu_cxx::_S_single]	16	static
shared_ptr.h:103:11:std::shared_ptr<MainMenuState>::~shared_ptr()	16	static
StateManager.cpp:8:1:StateManager::StateManager()	32	static
StateManager.cpp:14:6:virtual void StateManager::update(float)	16	static
StateManager.cpp:19:6:virtual void StateManager::render()	16	static
StateManager.cpp:24:6:void StateManager::processInput(std::pair<unsigned int, unsigned int>)	32	static
StateManager.cpp:29:6:void StateManager::changeState(std::shared_ptr<State>)	16	static
StateManager.cpp:34:23:std::shared_ptr<Flat> StateManager::getFlat()	16	static
shared_ptr_base.h:131:7:void std::_Sp_counted_base<_Lp>::_M_destroy() [with __gnu_cxx::_Lock_policy _Lp = __gnu_cxx::_S_single]	16	static
shared_ptr_base.h:733:7:std::__shared_count<_Lp>::__shared_count(const std::__shared_count<_Lp>&) [with __gnu_cxx::_Lock_policy _Lp = __gnu_cxx::_S_single]	16	static
shared_ptr_base.h:727:7:std::__shared_count<_Lp>::~__shared_count() [with __gnu_cxx::_Lock_policy _Lp = __gnu_cxx::_S_single]	16	static
shared_ptr.h:127:17:constexpr std::shared_ptr<_Tp>::shared_ptr() [with _Tp = State]	16	static
shared_ptr.h:127:17:constexpr std::shared_ptr<_Tp>::shared_ptr() [with _Tp = Flat]	16	static
shared_ptr.h:139:2:std::shared_ptr<_Tp>::shared_ptr(_Yp*) [with _Yp = StateManager; <template-parameter-2-2> = void; _Tp = StateManager]	16	static
shared_ptr.h:714:5:) [with _Tp = MainMenuState; _Args = {std::shared_ptr<StateManager>&}]	24	static
shared_ptr.h:341:2:std::shared_ptr<_Tp>::_Assignable<std::shared_ptr<_Yp> > std::shared_ptr<_Tp>::operator=(std::shared_ptr<_Yp>&&) [with _Yp = MainMenuState; _Tp = State]	24	static
shared_ptr_base.h:1012:7:std::__shared_ptr_access<_Tp, _Lp, <anonymous>, <anonymous> >::element_type* std::__shared_ptr_access<_Tp, _Lp, <anonymous>, <anonymous> >::operator->() const [with _Tp = State; __gnu_cxx::_Lock_policy _Lp = __gnu_cxx::_S_single; bool <anonymous> = false; bool <anonymous> = false]	16	static
move.h:99:5:constexpr typename std::remove_reference<_Tp>::type&& std::move(_Tp&&) [with _Tp = std::shared_ptr<State>&]	16	static
shared_ptr.h:333:7:std::shared_ptr<_Tp>& std::shared_ptr<_Tp>::operator=(std::shared_ptr<_Tp>&&) [with _Tp = State]	24	static
shared_ptr_base.h:121:7:std::_Sp_counted_base<_Lp>::~_Sp_counted_base() [with __gnu_cxx::_Lock_policy _Lp = __gnu_cxx::_S_single]	16	static
shared_ptr_base.h:121:7:std::_Sp_counted_base<_Lp>::~_Sp_counted_base() [with __gnu_cxx::_Lock_policy _Lp = __gnu_cxx::_S_single]	16	static
shared_ptr_base.h:1118:17:constexpr std::__shared_ptr<_Tp, _Lp>::__shared_ptr() [with _Tp = State; __gnu_cxx::_Lock_policy _Lp = __gnu_cxx::_S_single]	16	static
shared_ptr_base.h:1118:17:constexpr std::__shared_ptr<_Tp, _Lp>::__shared_ptr() [with _Tp = Flat; __gnu_cxx::_Lock_policy _Lp = __gnu_cxx::_S_single]	16	static
shared_ptr_base.h:1124:2:std::__shared_ptr<_Tp, _Lp>::__shared_ptr(_Yp*) [with _Yp = StateManager; <template-parameter-2-2> = void; _Tp = StateManager; __gnu_cxx::_Lock_policy _Lp = __gnu_cxx::_S_single]	32	static
allocator.h:138:7:std::allocator< <template-parameter-1-1> >::allocator() [with _Tp = MainMenuState]	16	static
allocator.h:153:7:std::allocator< <template-parameter-1-1> >::~allocator() [with _Tp = MainMenuState]	16	static
move.h:74:5:constexpr _Tp&& std::forward(typename std::remove_reference<_Tp>::type&) [with _Tp = std::shared_ptr<StateManager>&]	16	static
shared_ptr.h:699:5:) [with _Tp = MainMenuState; _Alloc = std::allocator<MainMenuState>; _Args = {std::shared_ptr<StateManager>&}]	32	static
move.h:99:5:constexpr typename std::remove_reference<_Tp>::type&& std::move(_Tp&&) [with _Tp = std::shared_ptr<MainMenuState>&]	16	static
shared_ptr_base.h:1271:2:std::__shared_ptr<_Tp, _Lp>::_Assignable<_Yp> std::__shared_ptr<_Tp, _Lp>::operator=(std::__shared_ptr<_Yp, _Lp>&&) [with _Yp = MainMenuState; _Tp = State; __gnu_cxx::_Lock_policy _Lp = __gnu_cxx::_S_single]	24	static
shared_ptr_base.h:1020:7:std::__shared_ptr_access<_Tp, _Lp, <anonymous>, <anonymous> >::element_type* std::__shared_ptr_access<_Tp, _Lp, <anonymous>, <anonymous> >::_M_get() const [with _Tp = State; __gnu_cxx::_Lock_policy _Lp = __gnu_cxx::_S_single; bool <anonymous> = false; bool <anonymous> = false]	16	static
shared_ptr_base.h:1263:7:std::__shared_ptr<_Tp, _Lp>& std::__shared_ptr<_Tp, _Lp>::operator=(std::__shared_ptr<_Tp, _Lp>&&) [with _Tp = State; __gnu_cxx::_Lock_policy _Lp = __gnu_cxx::_S_single]	24	static
shared_ptr_base.h:616:17:constexpr std::__shared_count<_Lp>::__shared_count() [with __gnu_cxx::_Lock_policy _Lp = __gnu_cxx::_S_single]	16	static
shared_ptr_base.h:635:2:std::__shared_count<_Lp>::__shared_count(_Ptr, std::false_type) [with _Ptr = StateManager*; __gnu_cxx::_Lock_policy _Lp = __gnu_cxx::_S_single]	24	static
shared_ptr_base.h:1388:2:typename std::enable_if<(! std::__shared_ptr<_Tp, _Lp>::__has_esft_base<_Yp2>::value)>::type std::__shared_ptr<_Tp, _Lp>::_M_enable_shared_from_this_with(_Yp*) [with _Yp = StateManager; _Yp2 = StateManager; _Tp = StateManager; __gnu_cxx::_Lock_policy _Lp = __gnu_cxx::_S_single]	16	static
new_allocator.h:80:7:__gnu_cxx::new_allocator<_Tp>::new_allocator() [with _Tp = MainMenuState]	16	static
new_allocator.h:89:7:__gnu_cxx::new_allocator<_Tp>::~new_allocator() [with _Tp = MainMenuState]	16	static
shared_ptr.h:358:2:) [with _Alloc = std::allocator<MainMenuState>; _Args = {std::shared_ptr<StateManager>&}; _Tp = MainMenuState]	32	static
move.h:99:5:constexpr typename std::remove_reference<_Tp>::type&& std::move(_Tp&&) [with _Tp = std::__shared_ptr<MainMenuState, __gnu_cxx::_S_single>&]	16	static
shared_ptr_base.h:1184:2:std::__shared_ptr<_Tp, _Lp>::__shared_ptr(std::__shared_ptr<_Yp, _Lp>&&) [with _Yp = MainMenuState; <template-parameter-2-2> = void; _Tp = State; __gnu_cxx::_Lock_policy _Lp = __gnu_cxx::_S_single]	16	static
shared_ptr_base.h:1324:7:void std::__shared_ptr<_Tp, _Lp>::swap(std::__shared_ptr<_Tp, _Lp>&) [with _Tp = State; __gnu_cxx::_Lock_policy _Lp = __gnu_cxx::_S_single]	16	static
shared_ptr_base.h:1309:7:std::__shared_ptr<_Tp, _Lp>::element_type* std::__shared_ptr<_Tp, _Lp>::get() const [with _Tp = State; __gnu_cxx::_Lock_policy _Lp = __gnu_cxx::_S_single]	16	static
move.h:99:5:constexpr typename std::remove_reference<_Tp>::type&& std::move(_Tp&&) [with _Tp = std::__shared_ptr<State, __gnu_cxx::_S_single>&]	16	static
shared_ptr_base.h:1176:7:std::__shared_ptr<_Tp, _Lp>::__shared_ptr(std::__shared_ptr<_Tp, _Lp>&&) [with _Tp = State; __gnu_cxx::_Lock_policy _Lp = __gnu_cxx::_S_single]	16	static
StateManager.h:15:3:StateManager::~StateManager()	16	static
shared_ptr_base.h:621:2:std::__shared_count<_Lp>::__shared_count(_Ptr) [with _Ptr = StateManager*; __gnu_cxx::_Lock_policy _Lp = __gnu_cxx::_S_single]	24	static
shared_ptr_base.h:1343:2:) [with _Alloc = std::allocator<MainMenuState>; _Args = {std::shared_ptr<StateManager>&}; _Tp = MainMenuState; __gnu_cxx::_Lock_policy _Lp = __gnu_cxx::_S_single]	32	static
shared_ptr_base.h:756:7:void std::__shared_count<_Lp>::_M_swap(std::__shared_count<_Lp>&) [with __gnu_cxx::_Lock_policy _Lp = __gnu_cxx::_S_single]	24	static
move.h:99:5:constexpr typename std::remove_reference<_Tp>::type&& std::move(_Tp&&) [with _Tp = State*&]	16	static
move.h:182:5:typename std::enable_if<std::__and_<std::__not_<std::__is_tuple_like<_Tp> >, std::is_move_constructible<_Tp>, std::is_move_assignable<_Tp> >::value>::type std::swap(_Tp&, _Tp&) [with _Tp = State*]	24	static
shared_ptr_base.h:372:7:std::_Sp_counted_ptr<_Ptr, _Lp>::_Sp_counted_ptr(_Ptr) [with _Ptr = StateManager*; __gnu_cxx::_Lock_policy _Lp = __gnu_cxx::_S_single]	16	static
shared_ptr_base.h:672:2:) [with _Tp = MainMenuState; _Alloc = std::allocator<MainMenuState>; _Args = {std::shared_ptr<StateManager>&}; __gnu_cxx::_Lock_policy _Lp = __gnu_cxx::_S_single]	64	static
shared_ptr_base.h:1388:2:typename std::enable_if<(! std::__shared_ptr<_Tp, _Lp>::__has_esft_base<_Yp2>::value)>::type std::__shared_ptr<_Tp, _Lp>::_M_enable_shared_from_this_with(_Yp*) [with _Yp = MainMenuState; _Yp2 = MainMenuState; _Tp = MainMenuState; __gnu_cxx::_Lock_policy _Lp = __gnu_cxx::_S_single]	16	static
shared_ptr_base.h:117:7:std::_Sp_counted_base<_Lp>::_Sp_counted_base() [with __gnu_cxx::_Lock_policy _Lp = __gnu_cxx::_S_single]	16	static
allocator.h:151:2:std::allocator< <template-parameter-1-1> >::allocator(const std::allocator<_Tp1>&) [with _Tp1 = MainMenuState; _Tp = std::_Sp_counted_ptr_inplace<MainMenuState, std::allocator<MainMenuState>, __gnu_cxx::_S_single>]	16	static
allocator.h:153:7:std::allocator< <template-parameter-1-1> >::~allocator() [with _Tp = std::_Sp_counted_ptr_inplace<MainMenuState, std::allocator<MainMenuState>, __gnu_cxx::_S_single>]	16	static
allocated_ptr.h:95:5:std::__allocated_ptr<_Alloc> std::__allocate_guarded(_Alloc&) [with _Alloc = std::allocator<std::_Sp_counted_ptr_inplace<MainMenuState, std::allocator<MainMenuState>, __gnu_cxx::_S_single> >]	16	static
allocated_ptr.h:70:7:std::__allocated_ptr<_Alloc>::~__allocated_ptr() [with _Alloc = std::allocator<std::_Sp_counted_ptr_inplace<MainMenuState, std::allocator<MainMenuState>, __gnu_cxx::_S_single> >]	16	static
allocated_ptr.h:85:19:std::__allocated_ptr<_Alloc>::value_type* std::__allocated_ptr<_Alloc>::get() [with _Alloc = std::allocator<std::_Sp_counted_ptr_inplace<MainMenuState, std::allocator<MainMenuState>, __gnu_cxx::_S_single> >]	16	static
allocator.h:141:7:std::allocator< <template-parameter-1-1> >::allocator(const std::allocator< <template-parameter-1-1> >&) [with _Tp = MainMenuState]	16	static
shared_ptr_base.h:412:12:std::_Sp_ebo_helper<0, std::allocator<MainMenuState>, true>::~_Sp_ebo_helper()	16	static
shared_ptr_base.h:526:13:std::_Sp_counted_ptr_inplace<MainMenuState, std::allocator<MainMenuState>, __gnu_cxx::_S_single>::_Impl::~_Impl()	16	static
shared_ptr_base.h:543:2:) [with _Args = {std::shared_ptr<StateManager>&}; _Tp = MainMenuState; _Alloc = std::allocator<MainMenuState>; __gnu_cxx::_Lock_policy _Lp = __gnu_cxx::_S_single]	40	static
allocated_ptr.h:78:7:std::__allocated_ptr<_Alloc>& std::__allocated_ptr<_Alloc>::operator=(std::nullptr_t) [with _Alloc = std::allocator<std::_Sp_counted_ptr_inplace<MainMenuState, std::allocator<MainMenuState>, __gnu_cxx::_S_single> >]	16	static
shared_ptr_base.h:594:12:_Tp* std::_Sp_counted_ptr_inplace<_Tp, _Alloc, _Lp>::_M_ptr() [with _Tp = MainMenuState; _Alloc = std::allocator<MainMenuState>; __gnu_cxx::_Lock_policy _Lp = __gnu_cxx::_S_single]	16	static
new_allocator.h:80:7:__gnu_cxx::new_allocator<_Tp>::new_allocator() [with _Tp = std::_Sp_counted_ptr_inplace<MainMenuState, std::allocator<MainMenuState>, __gnu_cxx::_S_single>]	16	static
new_allocator.h:89:7:__gnu_cxx::new_allocator<_Tp>::~new_allocator() [with _Tp = std::_Sp_counted_ptr_inplace<MainMenuState, std::allocator<MainMenuState>, __gnu_cxx::_S_single>]	16	static
alloc_traits.h:443:7:static _Tp* std::allocator_traits<std::allocator<_CharT> >::allocate(std::allocator_traits<std::allocator<_CharT> >::allocator_type&, std::allocator_traits<std::allocator<_CharT> >::size_type) [with _Tp = std::_Sp_counted_ptr_inplace<MainMenuState, std::allocator<MainMenuState>, __gnu_cxx::_S_single>]	16	static
allocated_ptr.h:52:7:std::__allocated_ptr<_Alloc>::__allocated_ptr(_Alloc&, std::__allocated_ptr<_Alloc>::pointer) [with _Alloc = std::allocator<std::_Sp_counted_ptr_inplace<MainMenuState, std::allocator<MainMenuState>, __gnu_cxx::_S_single> >]	24	static
alloc_traits.h:469:7:static void std::allocator_traits<std::allocator<_CharT> >::deallocate(std::allocator_traits<std::allocator<_CharT> >::allocator_type&, std::allocator_traits<std::allocator<_CharT> >::pointer, std::allocator_traits<std::allocator<_CharT> >::size_type) [with _Tp = std::_Sp_counted_ptr_inplace<MainMenuState, std::allocator<MainMenuState>, __gnu_cxx::_S_single>]	24	static
ptr_traits.h:155:5:constexpr _Tp* std::__to_address(_Tp*) [with _Tp = std::_Sp_counted_ptr_inplace<MainMenuState, std::allocator<MainMenuState>, __gnu_cxx::_S_single>]	16	static
new_allocator.h:83:7:__gnu_cxx::new_allocator<_Tp>::new_allocator(const __gnu_cxx::new_allocator<_Tp>&) [with _Tp = MainMenuState]	16	static
shared_ptr_base.h:531:11:std::_Sp_counted_ptr_inplace<_Tp, _Alloc, _Lp>::_Impl::_Impl(_Alloc) [with _Tp = MainMenuState; _Alloc = std::allocator<MainMenuState>; __gnu_cxx::_Lock_policy _Lp = __gnu_cxx::_S_single]	16	static
alloc_traits.h:482:2:) [with _Up = MainMenuState; _Args = {std::shared_ptr<StateManager>&}; _Tp = MainMenuState]	24	static
aligned_buffer.h:114:7:_Tp* __gnu_cxx::__aligned_buffer<_Tp>::_M_ptr() [with _Tp = MainMenuState]	16	static
new_allocator.h:102:7:_Tp* __gnu_cxx::new_allocator<_Tp>::allocate(__gnu_cxx::new_allocator<_Tp>::size_type, const void*) [with _Tp = std::_Sp_counted_ptr_inplace<MainMenuState, std::allocator<MainMenuState>, __gnu_cxx::_S_single>]	24	static
move.h:47:5:constexpr _Tp* std::__addressof(_Tp&) [with _Tp = std::allocator<std::_Sp_counted_ptr_inplace<MainMenuState, std::allocator<MainMenuState>, __gnu_cxx::_S_single> >]	16	static
new_allocator.h:119:7:void __gnu_cxx::new_allocator<_Tp>::deallocate(__gnu_cxx::new_allocator<_Tp>::pointer, __gnu_cxx::new_allocator<_Tp>::size_type) [with _Tp = std::_Sp_counted_ptr_inplace<MainMenuState, std::allocator<MainMenuState>, __gnu_cxx::_S_single>]	24	static
shared_ptr_base.h:414:16:std::_Sp_ebo_helper<_Nm, _Tp, true>::_Sp_ebo_helper(const _Tp&) [with int _Nm = 0; _Tp = std::allocator<MainMenuState>]	16	static
new_allocator.h:144:2:) [with _Up = MainMenuState; _Args = {std::shared_ptr<StateManager>&}; _Tp = MainMenuState]	40	static
aligned_buffer.h:102:7:void* __gnu_cxx::__aligned_buffer<_Tp>::_M_addr() [with _Tp = MainMenuState]	16	static
new_allocator.h:132:7:__gnu_cxx::new_allocator<_Tp>::size_type __gnu_cxx::new_allocator<_Tp>::max_size() const [with _Tp = std::_Sp_counted_ptr_inplace<MainMenuState, std::allocator<MainMenuState>, __gnu_cxx::_S_single>]	16	static
shared_ptr_base.h:368:11:std::_Sp_counted_ptr<StateManager*, __gnu_cxx::_S_single>::~_Sp_counted_ptr()	16	static
shared_ptr_base.h:368:11:virtual std::_Sp_counted_ptr<StateManager*, __gnu_cxx::_S_single>::~_Sp_counted_ptr()	16	static
StateManager.cpp:37:1:void __static_initialization_and_destruction_0(int, int)	16	static
shared_ptr_base.h:552:7:std::_Sp_counted_ptr_inplace<_Tp, _Alloc, _Lp>::~_Sp_counted_ptr_inplace() [with _Tp = MainMenuState; _Alloc = std::allocator<MainMenuState>; __gnu_cxx::_Lock_policy _Lp = __gnu_cxx::_S_single]	16	static
shared_ptr_base.h:552:7:std::_Sp_counted_ptr_inplace<_Tp, _Alloc, _Lp>::~_Sp_counted_ptr_inplace() [with _Tp = MainMenuState; _Alloc = std::allocator<MainMenuState>; __gnu_cxx::_Lock_policy _Lp = __gnu_cxx::_S_single]	16	static
shared_ptr_base.h:555:7:void std::_Sp_counted_ptr_inplace<_Tp, _Alloc, _Lp>::_M_dispose() [with _Tp = MainMenuState; _Alloc = std::allocator<MainMenuState>; __gnu_cxx::_Lock_policy _Lp = __gnu_cxx::_S_single]	24	static
shared_ptr_base.h:562:7:void std::_Sp_counted_ptr_inplace<_Tp, _Alloc, _Lp>::_M_destroy() [with _Tp = MainMenuState; _Alloc = std::allocator<MainMenuState>; __gnu_cxx::_Lock_policy _Lp = __gnu_cxx::_S_single]	32	static
shared_ptr_base.h:575:7:void* std::_Sp_counted_ptr_inplace<_Tp, _Alloc, _Lp>::_M_get_deleter(const std::type_info&) [with _Tp = MainMenuState; _Alloc = std::allocator<MainMenuState>; __gnu_cxx::_Lock_policy _Lp = __gnu_cxx::_S_single]	24	static
shared_ptr_base.h:376:7:void std::_Sp_counted_ptr<_Ptr, _Lp>::_M_dispose() [with _Ptr = StateManager*; __gnu_cxx::_Lock_policy _Lp = __gnu_cxx::_S_single]	24	static
shared_ptr_base.h:380:7:void std::_Sp_counted_ptr<_Ptr, _Lp>::_M_destroy() [with _Ptr = StateManager*; __gnu_cxx::_Lock_policy _Lp = __gnu_cxx::_S_single]	16	static
shared_ptr_base.h:384:7:void* std::_Sp_counted_ptr<_Ptr, _Lp>::_M_get_deleter(const std::type_info&) [with _Ptr = StateManager*; __gnu_cxx::_Lock_policy _Lp = __gnu_cxx::_S_single]	16	static
shared_ptr_base.h:533:10:_Alloc& std::_Sp_counted_ptr_inplace<_Tp, _Alloc, _Lp>::_Impl::_M_alloc() [with _Tp = MainMenuState; _Alloc = std::allocator<MainMenuState>; __gnu_cxx::_Lock_policy _Lp = __gnu_cxx::_S_single]	16	static
alloc_traits.h:495:2:static void std::allocator_traits<std::allocator<_CharT> >::destroy(std::allocator_traits<std::allocator<_CharT> >::allocator_type&, _Up*) [with _Up = MainMenuState; _Tp = MainMenuState]	16	static
shared_ptr_base.h:418:7:static _Tp& std::_Sp_ebo_helper<_Nm, _Tp, true>::_S_get(std::_Sp_ebo_helper<_Nm, _Tp, true>&) [with int _Nm = 0; _Tp = std::allocator<MainMenuState>]	16	static
new_allocator.h:151:2:void __gnu_cxx::new_allocator<_Tp>::destroy(_Up*) [with _Up = MainMenuState; _Tp = MainMenuState]	16	static
StateManager.cpp:37:1:cpp)	8	static
StateManager.cpp:37:1:cpp)	8	static
